------------------------------------------------------------
TimeQuest Timing Analyzer Summary
------------------------------------------------------------

Type  : Slow 1200mV 85C Model Setup 'divisor_clock:divisor_clock|clk_out'
Slack : -2.611
TNS   : -107.391

Type  : Slow 1200mV 85C Model Setup 'Escrever:Escrever|state.idle'
Slack : -2.423
TNS   : -3.868

Type  : Slow 1200mV 85C Model Setup 'Escrever:Escrever|state.enviar_dado'
Slack : -0.771
TNS   : -7.054

Type  : Slow 1200mV 85C Model Setup 'clk'
Slack : -0.058
TNS   : -0.058

Type  : Slow 1200mV 85C Model Hold 'divisor_clock:divisor_clock|clk_out'
Slack : -0.129
TNS   : -0.129

Type  : Slow 1200mV 85C Model Hold 'clk'
Slack : 0.000
TNS   : 0.000

Type  : Slow 1200mV 85C Model Hold 'Escrever:Escrever|state.enviar_dado'
Slack : 0.166
TNS   : 0.000

Type  : Slow 1200mV 85C Model Hold 'Escrever:Escrever|state.idle'
Slack : 1.188
TNS   : 0.000

Type  : Slow 1200mV 85C Model Minimum Pulse Width 'divisor_clock:divisor_clock|clk_out'
Slack : -3.201
TNS   : -93.329

Type  : Slow 1200mV 85C Model Minimum Pulse Width 'clk'
Slack : -3.000
TNS   : -4.487

Type  : Slow 1200mV 85C Model Minimum Pulse Width 'Escrever:Escrever|state.enviar_dado'
Slack : 0.454
TNS   : 0.000

Type  : Slow 1200mV 85C Model Minimum Pulse Width 'Escrever:Escrever|state.idle'
Slack : 0.462
TNS   : 0.000

Type  : Slow 1200mV 0C Model Setup 'divisor_clock:divisor_clock|clk_out'
Slack : -2.275
TNS   : -95.682

Type  : Slow 1200mV 0C Model Setup 'Escrever:Escrever|state.idle'
Slack : -2.229
TNS   : -3.534

Type  : Slow 1200mV 0C Model Setup 'Escrever:Escrever|state.enviar_dado'
Slack : -0.777
TNS   : -7.194

Type  : Slow 1200mV 0C Model Setup 'clk'
Slack : -0.004
TNS   : -0.004

Type  : Slow 1200mV 0C Model Hold 'clk'
Slack : 0.009
TNS   : 0.000

Type  : Slow 1200mV 0C Model Hold 'divisor_clock:divisor_clock|clk_out'
Slack : 0.040
TNS   : 0.000

Type  : Slow 1200mV 0C Model Hold 'Escrever:Escrever|state.enviar_dado'
Slack : 0.239
TNS   : 0.000

Type  : Slow 1200mV 0C Model Hold 'Escrever:Escrever|state.idle'
Slack : 1.178
TNS   : 0.000

Type  : Slow 1200mV 0C Model Minimum Pulse Width 'divisor_clock:divisor_clock|clk_out'
Slack : -3.201
TNS   : -93.329

Type  : Slow 1200mV 0C Model Minimum Pulse Width 'clk'
Slack : -3.000
TNS   : -4.487

Type  : Slow 1200mV 0C Model Minimum Pulse Width 'Escrever:Escrever|state.enviar_dado'
Slack : 0.387
TNS   : 0.000

Type  : Slow 1200mV 0C Model Minimum Pulse Width 'Escrever:Escrever|state.idle'
Slack : 0.480
TNS   : 0.000

Type  : Fast 1200mV 0C Model Setup 'Escrever:Escrever|state.idle'
Slack : -0.736
TNS   : -1.035

Type  : Fast 1200mV 0C Model Setup 'divisor_clock:divisor_clock|clk_out'
Slack : -0.541
TNS   : -15.289

Type  : Fast 1200mV 0C Model Setup 'Escrever:Escrever|state.enviar_dado'
Slack : 0.076
TNS   : 0.000

Type  : Fast 1200mV 0C Model Setup 'clk'
Slack : 0.316
TNS   : 0.000

Type  : Fast 1200mV 0C Model Hold 'divisor_clock:divisor_clock|clk_out'
Slack : -0.235
TNS   : -0.515

Type  : Fast 1200mV 0C Model Hold 'clk'
Slack : -0.091
TNS   : -0.091

Type  : Fast 1200mV 0C Model Hold 'Escrever:Escrever|state.enviar_dado'
Slack : 0.126
TNS   : 0.000

Type  : Fast 1200mV 0C Model Hold 'Escrever:Escrever|state.idle'
Slack : 0.718
TNS   : 0.000

Type  : Fast 1200mV 0C Model Minimum Pulse Width 'clk'
Slack : -3.000
TNS   : -4.037

Type  : Fast 1200mV 0C Model Minimum Pulse Width 'divisor_clock:divisor_clock|clk_out'
Slack : -1.000
TNS   : -57.000

Type  : Fast 1200mV 0C Model Minimum Pulse Width 'Escrever:Escrever|state.enviar_dado'
Slack : 0.316
TNS   : 0.000

Type  : Fast 1200mV 0C Model Minimum Pulse Width 'Escrever:Escrever|state.idle'
Slack : 0.422
TNS   : 0.000

------------------------------------------------------------
